ID(a) BECOMES ID(b) PLUS ID(c) SEMICOLON <UNEXPECTED(/)> ID(display) ID(a) SEMICOLON