ID(a) BECOMES ID(b) PLUS ID(c) SEMICOLON TIMES <UNEXPECTED(/)> ID(display) ID(a) SEMICOLON