ID(a) BECOMES ID(b) PLUS ID(c) SEMICOLON ID(display) ID(a) SEMICOLON